exports[`test Renders 1`] = `
<div
  className={undefined}>
  <div
    className="undefined horizontal undefined  "
    onBlur={[Function]}
    onFocus={[Function]}
    tabIndex={0}>
    <div
      className={undefined}>
      <div
        aria-hidden={false}
        className={undefined}
        tabIndex={-1}>
        <div
          className={undefined}>
          <div
            className={undefined}
            style={
              Object {
                "backgroundImage": "url(undefined)",
              }
            }>
            <span
              className={undefined}>
               km
            </span>
          </div>
          <div
            className={undefined}>
            <div
              className={undefined}>
              <h4
                className={undefined}>
                <a
                  href={undefined} />
              </h4>
            </div>
          </div>
          <div
            className="undefined undefined">
            <span
              className={undefined} />
            <span
              className={undefined}>
              <button
                className={undefined}
                onClick={[Function]}>
                <i
                  className={undefined} />
              </button>
            </span>
          </div>
        </div>
      </div>
      <div
        aria-hidden={true}
        className={undefined}
        tabIndex={-1}>
        <div
          className={undefined}>
          <div
            className="undefined ">
            <span
              className={undefined} />
            <span
              className={undefined}>
              <button
                className={undefined}
                onClick={[Function]}>
                <i
                  className={undefined} />
              </button>
            </span>
          </div>
          <div
            className="undefined" />
        </div>
      </div>
    </div>
  </div>
</div>
`;
