exports[`test Renders 1`] = `
<div
  className="undefined ">
  <span
    className={undefined} />
  <span
    className={undefined}>
    <div>
      x
    </div>
  </span>
</div>
`;
