exports[`test Renders 1`] = `
<div
  className="undefined horizontal undefined  undefined"
  onBlur={[Function]}
  onFocus={[Function]}
  tabIndex={0}>
  <div
    className={undefined}>
    <div
      aria-hidden={false}
      className={undefined}
      tabIndex={-1}>
      <div>
        Front
      </div>
    </div>
    <div
      aria-hidden={true}
      className={undefined}
      tabIndex={-1}>
      <div>
        Back
      </div>
    </div>
  </div>
</div>
`;
