exports[`test Renders 1`] = `
<div>
  <span
    className="input-group">
    <input
      className="form-control"
      id={undefined}
      placeholder="Zoeken..."
      type="text" />
    <span
      className="input-group-btn">
      <button
        className="btn btn-primary"
        disabled={false}
        type="button">
        <i
          className="fa fa-search" />
      </button>
    </span>
  </span>
  <hr
    className={undefined} />
</div>
`;
